
Memory Configuration

Name             Origin             Length             Attributes
FLASH            0x08000000         0x00020000         xr
SRAM             0x20000000         0x00005000         xrw
*default*        0x00000000         0xffffffff

Linker script and memory map


.text           0x08000000      0x2d8
 *(.vectors*)
 .vectors       0x08000000       0x1c startup.o
                0x08000000                vectors_ArrOfPtrToFunc
 *(.text*)
 .text          0x0800001c       0x74 AlarmMechanism.o
                0x0800001c                SetAlarmSignal
                0x08000038                StateAlarmOFF
                0x08000050                StateAlarmON
 .text          0x08000090       0xc4 driver.o
                0x08000090                Delay
                0x080000b2                getPressureVal
                0x080000c8                Set_Alarm_actuator
                0x08000104                GPIO_INITIALIZATION
 .text          0x08000154       0x9c HighPressureDetection.o
                0x08000154                StateNormalPressure
                0x080001a0                StateHighPressure
 .text          0x080001f0       0x48 main.o
                0x080001f0                setup
                0x08000218                main
 .text          0x08000238       0xa0 startup.o
                0x08000238                Reset_handler
                0x080002cc                Bus_fault_handler
                0x080002cc                HW_fault_handler
                0x080002cc                Usage_fault_handler
                0x080002cc                MM_fault_handler
                0x080002cc                Default_handler
                0x080002cc                NMI_handler
 *.rodata()
                0x080002d8                        _END_text = .

.glue_7         0x080002d8        0x0
 .glue_7        0x080002d8        0x0 linker stubs

.glue_7t        0x080002d8        0x0
 .glue_7t       0x080002d8        0x0 linker stubs

.vfp11_veneer   0x080002d8        0x0
 .vfp11_veneer  0x080002d8        0x0 linker stubs

.v4_bx          0x080002d8        0x0
 .v4_bx         0x080002d8        0x0 linker stubs

.iplt           0x080002d8        0x0
 .iplt          0x080002d8        0x0 AlarmMechanism.o

.rel.dyn        0x080002d8        0x0
 .rel.iplt      0x080002d8        0x0 AlarmMechanism.o

.data           0x20000000        0x8 load address 0x080002d8
                0x20000000                        _START_data = .
 *(.data)
 .data          0x20000000        0x4 AlarmMechanism.o
                0x20000000                AlarmDuration
 .data          0x20000004        0x0 driver.o
 .data          0x20000004        0x4 HighPressureDetection.o
                0x20000004                PressureThreshold
 .data          0x20000008        0x0 main.o
 .data          0x20000008        0x0 startup.o
                0x20000008                        . = ALIGN (0x4)
                0x20000008                        _END_data = .

.igot.plt       0x20000008        0x0 load address 0x080002e0
 .igot.plt      0x20000008        0x0 AlarmMechanism.o

.bss            0x20000008      0x414 load address 0x080002e0
                0x20000008                        _START_bss = .
 *(.bss)
 .bss           0x20000008        0x8 AlarmMechanism.o
                0x20000008                AlarmMechanismStatus
                0x2000000c                ptrAlarmMechanism
 .bss           0x20000010        0x0 driver.o
 .bss           0x20000010        0xc HighPressureDetection.o
                0x20000010                HighPressureDetectionStatus
                0x20000014                ptrHighPressureDetection
                0x20000018                PressureReceived
 .bss           0x2000001c        0x0 main.o
 .bss           0x2000001c      0x400 startup.o
                0x2000041c                        . = ALIGN (0x4)
                0x2000041c                        _END_bss = .
LOAD AlarmMechanism.o
LOAD driver.o
LOAD HighPressureDetection.o
LOAD main.o
LOAD startup.o
OUTPUT(PressureController.elf elf32-littlearm)
LOAD linker stubs

.debug_info     0x00000000      0x6ab
 .debug_info    0x00000000      0x181 AlarmMechanism.o
 .debug_info    0x00000181      0x112 driver.o
 .debug_info    0x00000293      0x15a HighPressureDetection.o
 .debug_info    0x000003ed      0x103 main.o
 .debug_info    0x000004f0      0x1bb startup.o

.debug_abbrev   0x00000000      0x41b
 .debug_abbrev  0x00000000       0xed AlarmMechanism.o
 .debug_abbrev  0x000000ed       0xc3 driver.o
 .debug_abbrev  0x000001b0       0xdf HighPressureDetection.o
 .debug_abbrev  0x0000028f       0x97 main.o
 .debug_abbrev  0x00000326       0xf5 startup.o

.debug_loc      0x00000000      0x308
 .debug_loc     0x00000000       0x9c AlarmMechanism.o
 .debug_loc     0x0000009c      0x140 driver.o
 .debug_loc     0x000001dc       0x58 HighPressureDetection.o
 .debug_loc     0x00000234       0x58 main.o
 .debug_loc     0x0000028c       0x7c startup.o

.debug_aranges  0x00000000       0xa0
 .debug_aranges
                0x00000000       0x20 AlarmMechanism.o
 .debug_aranges
                0x00000020       0x20 driver.o
 .debug_aranges
                0x00000040       0x20 HighPressureDetection.o
 .debug_aranges
                0x00000060       0x20 main.o
 .debug_aranges
                0x00000080       0x20 startup.o

.debug_line     0x00000000      0xaae
 .debug_line    0x00000000      0x25f AlarmMechanism.o
 .debug_line    0x0000025f      0x270 driver.o
 .debug_line    0x000004cf      0x2b1 HighPressureDetection.o
 .debug_line    0x00000780       0x94 main.o
 .debug_line    0x00000814      0x29a startup.o

.debug_str      0x00000000      0x327
 .debug_str     0x00000000      0x1ab AlarmMechanism.o
                                0x206 (size before relaxing)
 .debug_str     0x000001ab       0x33 driver.o
                                0x1a6 (size before relaxing)
 .debug_str     0x000001de       0x96 HighPressureDetection.o
                                0x22a (size before relaxing)
 .debug_str     0x00000274       0x12 main.o
                                0x1b9 (size before relaxing)
 .debug_str     0x00000286       0xa1 startup.o
                                0x1f7 (size before relaxing)

.comment        0x00000000       0x43
 .comment       0x00000000       0x43 AlarmMechanism.o
                                 0x44 (size before relaxing)
 .comment       0x00000043       0x44 driver.o
 .comment       0x00000043       0x44 HighPressureDetection.o
 .comment       0x00000043       0x44 main.o
 .comment       0x00000043       0x44 startup.o

.ARM.attributes
                0x00000000       0x2d
 .ARM.attributes
                0x00000000       0x2d AlarmMechanism.o
 .ARM.attributes
                0x0000002d       0x2d driver.o
 .ARM.attributes
                0x0000005a       0x2d HighPressureDetection.o
 .ARM.attributes
                0x00000087       0x2d main.o
 .ARM.attributes
                0x000000b4       0x2d startup.o

.debug_frame    0x00000000      0x1e8
 .debug_frame   0x00000000       0x68 AlarmMechanism.o
 .debug_frame   0x00000068       0xa0 driver.o
 .debug_frame   0x00000108       0x48 HighPressureDetection.o
 .debug_frame   0x00000150       0x48 main.o
 .debug_frame   0x00000198       0x50 startup.o
